[2026-08-23 10:54:12] ==========================================================
[2026-08-23 10:54:12] WATCHER STARTED
[2026-08-23 10:54:12]   Cycle every        : 10 minutes
[2026-08-23 10:54:12]   Daily cap          : 200 posts received, about $0.03
[2026-08-23 10:54:12]   Used today so far  : 0 posts
[2026-08-23 10:54:12]   Daily digest       : on at 18:00
[2026-08-23 10:54:12]   Log file           : data\watch.log
[2026-08-23 10:54:12] ==========================================================
[2026-08-23 10:54:12] Collecting.
[2026-08-23 10:54:19] Collected. That is a query problem, not a fault. Open config.yaml and | loosen the query, for example by removing one required phrase. | All later steps read from that file, so they cost nothing.
[2026-08-23 10:54:19] Posts paid for today: 20 of 200, about $0.0030.
[2026-08-23 10:54:19] Scoring. This is free.
[2026-08-23 10:54:29] Scoring had a problem. return codecs.charmap_encode(input,self.errors,encoding_table)[0] | ^^^^^^^^^^^^^^^^^^^^^^^^^^^^^^^^^^^^^^^^^^^^^^^^^^^^^^^ | UnicodeEncodeError: 'charmap' codec can't encode character '\U0001f6a8' in position 0: character maps to <undefined>
[2026-08-23 10:54:29] Dashboard refreshed. Opening it in your browser now.
[2026-08-23 10:54:29] Sleeping. Next cycle at about 11:04. Press Ctrl and C to stop.
[2026-08-23 10:54:50] Stopped by you. Nothing was left running.
[2026-08-23 12:20:50] ==========================================================
[2026-08-23 12:20:50] WATCHER STARTED
[2026-08-23 12:20:50]   Cycle every        : 10 minutes
[2026-08-23 12:20:50]   Daily cap          : 200 posts received, about $0.03
[2026-08-23 12:20:50]   Used today so far  : 20 posts
[2026-08-23 12:20:50]   Daily digest       : on at 18:00
[2026-08-23 12:20:50]   Log file           : data\watch.log
[2026-08-23 12:20:50] ==========================================================
[2026-08-23 12:20:50] Dry run. Would collect now. 180 of 200 posts left in today's budget.
[2026-08-23 12:20:50] Single cycle finished.
[2026-08-23 12:21:23] ==========================================================
[2026-08-23 12:21:23] WATCHER STARTED
[2026-08-23 12:21:23]   Cycle every        : 10 minutes
[2026-08-23 12:21:23]   Daily cap          : 200 posts received, about $0.03
[2026-08-23 12:21:23]   Used today so far  : 20 posts
[2026-08-23 12:21:23]   Daily digest       : on at 18:00
[2026-08-23 12:21:23]   Log file           : data\watch.log
[2026-08-23 12:21:23] ==========================================================
[2026-08-23 12:21:23] Collecting.
[2026-08-23 12:21:28] Collected. That is a query problem, not a fault. Open config.yaml and | loosen the query, for example by removing one required phrase. | All later steps read from that file, so they cost nothing.
[2026-08-23 12:21:28] Posts paid for today: 40 of 200, about $0.0060.
[2026-08-23 12:21:28] Scoring. This is free.
[2026-08-23 12:21:37] Scoring had a problem. return codecs.charmap_encode(input,self.errors,encoding_table)[0] | ^^^^^^^^^^^^^^^^^^^^^^^^^^^^^^^^^^^^^^^^^^^^^^^^^^^^^^^ | UnicodeEncodeError: 'charmap' codec can't encode character '\U0001f6a8' in position 0: character maps to <undefined>
[2026-08-23 12:21:38] Dashboard refreshed. Opening it in your browser now.
[2026-08-23 12:21:38] Single cycle finished.
[2026-08-23 12:26:52] ==========================================================
[2026-08-23 12:26:52] WATCHER STARTED
[2026-08-23 12:26:52]   Cycle every        : 10 minutes
[2026-08-23 12:26:52]   Daily cap          : 200 posts received, about $0.03
[2026-08-23 12:26:52]   Used today so far  : 40 posts
[2026-08-23 12:26:52]   Daily digest       : on at 18:00
[2026-08-23 12:26:52]   Log file           : data\watch.log
[2026-08-23 12:26:52] ==========================================================
[2026-08-23 12:26:52] Collecting.
[2026-08-23 12:26:57] Collected. That is a query problem, not a fault. Open config.yaml and | loosen the query, for example by removing one required phrase. | All later steps read from that file, so they cost nothing.
[2026-08-23 12:26:57] Posts paid for today: 60 of 200, about $0.0090.
[2026-08-23 12:26:57] Scoring. This is free.
[2026-08-23 12:26:59] Scored. Reason   : The account is looking for solutions to save time on faceless video production. | Link     : https://x.com/Seanshenghao/status/2091500866024911157 | --------------------------------------------------------------
[2026-08-23 12:26:59] Single cycle finished.
[2026-08-23 12:29:10] ==========================================================
[2026-08-23 12:29:10] WATCHER STARTED
[2026-08-23 12:29:10]   Cycle every        : 10 minutes
[2026-08-23 12:29:10]   Daily cap          : 200 posts received, about $0.03
[2026-08-23 12:29:10]   Used today so far  : 60 posts
[2026-08-23 12:29:10]   Daily digest       : on at 18:00
[2026-08-23 12:29:10]   Log file           : data\watch.log
[2026-08-23 12:29:10] ==========================================================
[2026-08-23 12:29:10] Collecting.
[2026-08-23 12:29:15] Collected. That is a query problem, not a fault. Open config.yaml and | loosen the query, for example by removing one required phrase. | All later steps read from that file, so they cost nothing.
[2026-08-23 12:29:15] Posts paid for today: 80 of 200, about $0.0120.
[2026-08-23 12:29:15] Scoring. This is free.
[2026-08-23 12:29:17] Scored. Reason   : The account is looking for solutions to save time on faceless video production. | Link     : https://x.com/Seanshenghao/status/2091500866024911157 | --------------------------------------------------------------
[2026-08-23 12:29:17] Single cycle finished.
